../Core/Src/main.c:68:18:stm32_sw_reset	24	static
../Core/Src/main.c:76:18:stm32_i2c_write	40	static
../Core/Src/main.c:84:18:stm32_i2c_read	40	static
../Core/Src/main.c:91:6:stm32_set_oe	16	static
../Core/Src/main.c:103:6:stm32_delay	16	static
../Core/Src/main.c:109:6:HAL_UART_TxCpltCallback	16	static
../Core/Src/main.c:117:6:HAL_UART_RxCpltCallback	16	static
../Core/Src/main.c:126:6:run_command	24	static
../Core/Src/main.c:189:5:main	8	static,ignoring_inline_asm
../Core/Src/main.c:282:6:SystemClock_Config	88	static
../Core/Src/main.c:329:13:MX_I2C1_Init	8	static
../Core/Src/main.c:363:13:MX_USART3_UART_Init	8	static
../Core/Src/main.c:396:13:MX_GPIO_Init	48	static
../Core/Src/main.c:500:6:Error_Handler	4	static,ignoring_inline_asm
